--- Testing Upcoming Movies ---
Upcoming count: 18
 - 딥 워터 (Release: 2026-09-09)
 - 더 드라마 (Release: 2026-09-09)
 - 프랙티컬 매직: 새로운 챕터 (Release: 2026-09-09)

--- Testing Korean Actors ---
Korean actors error: ClientException with SocketException: 세마포 제한 시간이 만료되었습니다 (OS Error: 세마포 제한 시간이 만료되었습니다, errno = 121), address = www.kobis.or.kr, port = 62847, uri=http://www.kobis.or.kr/kobisopenapi/webservice/rest/movie/searchMovieInfo.json?key=3dfc7b6fd0866165a54b374be9c4397c&movieCd=20182383

--- Testing Foreign Actors ---
Foreign Actors count: 2277
 - 유덕화 / 劉德華
 - 브루스 윌리스 / Bruce Willis
 - 로버트 드 니로 / Robert De Niro
 - 성룡 / 成龍
 - 윌렘 대포 / Willem Dafoe
